<html>
<body>
<pre>
<h1>µVision Build Log</h1>
<h2>Tool Versions:</h2>
IDE-Version: ¦ÌVision V5.23.0.0
Copyright (C) 2017 ARM Ltd and ARM Germany GmbH. All rights reserved.
License Information: 123 Administrator, 123, LIC=BL2SB-27KL4-58GFB-2ZJ00-ICFLV-SWJ1R
 
Tool Versions:
Toolchain:       MDK-ARM Professional  Version: 5.23
Toolchain Path:  C:\Keil_v5\ARM\ARMCC\Bin
C Compiler:      Armcc.exe V5.06 update 4 (build 422)
Assembler:       Armasm.exe V5.06 update 4 (build 422)
Linker/Locator:  ArmLink.exe V5.06 update 4 (build 422)
Library Manager: ArmAr.exe V5.06 update 4 (build 422)
Hex Converter:   FromElf.exe V5.06 update 4 (build 422)
CPU DLL:         SARMCM3.DLL V5.23
Dialog DLL:      DCM.DLL V1.15.0.0
Target DLL:      CMSIS_AGDI.dll V1.27.5.0
Dialog DLL:      TCM.DLL V1.27.0.0
 
<h2>Project:</h2>
D:\ÐÂÏîÄ¿\Mobot\ES32W3120_SDK_V1.00\Projects\ES32W3120\Applications\Examples_BLE_peripheral\LED_Server\MDK-ARM\LED.uvprojx
Project File Date:  08/12/2021

<h2>Output:</h2>
*** Using Compiler 'V5.06 update 4 (build 422)', folder: 'C:\Keil_v5\ARM\ARMCC\Bin'
Rebuild target 'target'
compiling app_common.c...
compiling bsp_common.c...
compiling irq.c...
compiling bsp_mp6050.c...
..\bsp\bsp_mp6050.c(435): warning:  #550-D: variable "res"  was set but never used
  		uint8_t res;
..\bsp\bsp_mp6050.c(215): warning:  #177-D: function "master_tx_complete"  was declared but never referenced
  static void master_tx_complete(i2c_handle_t *arg)
..\bsp\bsp_mp6050.c(223): warning:  #177-D: function "master_rx_complete"  was declared but never referenced
  static void master_rx_complete(i2c_handle_t *arg)
..\bsp\bsp_mp6050.c: 3 warnings, 0 errors
compiling bsp_dx_bt24_t.c...
compiling bsp_flash.c...
compiling bsp_system.c...
compiling main.c...
..\Src\main.c(85): warning:  #177-D: function "led_init"  was declared but never referenced
  static void led_init(void)
..\Src\main.c(113): warning:  #177-D: function "button_init"  was declared but never referenced
  static void button_init(void)
..\Src\main.c: 2 warnings, 0 errors
compiling esapp.c...
..\Src\esapp.c(474): warning:  #177-D: variable "target_name"  was declared but never referenced
  	static const char target_name[] = "ES32W3120-LED";
..\Src\esapp.c(469): warning:  #177-D: function "esapp_scan_init"  was declared but never referenced
  static void esapp_scan_init(void)
..\Src\esapp.c(752): warning:  #177-D: function "esapp_conn_param_upd_to"  was declared but never referenced
  static void esapp_conn_param_upd_to(void *param_upd)
..\Src\esapp.c: 3 warnings, 0 errors
compiling task_communicate.c...
compiling task_control.c...
compiling task_measure.c...
compiling task_bluetooth.c...
compiling task_common.c...
compiling task_mem_write.c...
compiling task_safeguard.c...
compiling bsp_power.c...
compiling task_other.c...
compiling task_mem_read.c...
compiling esprf_led.c...
..\..\..\..\..\..\Middlewares\EastSoft\BLE5.0\Profile\led\esprf_led.c(367): warning:  #177-D: function "esprf_led_gattc_read_req_ind_hdl"  was declared but never referenced
  static void esprf_led_gattc_read_req_ind_hdl(const esble_gattc_read_req_ind_t *ind)
..\..\..\..\..\..\Middlewares\EastSoft\BLE5.0\Profile\led\esprf_led.c: 1 warning, 0 errors
compiling bsp_time.c...
compiling ald_calc.c...
compiling ald_gpio.c...
compiling ald_uart.c...
compiling ald_cmu.c...
compiling ald_i2c.c...
compiling utils.c...
compiling ald_timer.c...
compiling ald_dma.c...
compiling ald_spi.c...
compiling md_gpio.c...
compiling ald_adc.c...
compiling ald_qspi.c...
compiling ald_pis.c...
compiling md_uart.c...
compiling md_cmu.c...
compiling md_utils.c...
compiling lib.c...
compiling md_dma.c...
compiling md_i2c.c...
compiling lib_conf.c...
compiling lib_advdata.c...
compiling md_adc.c...
compiling md_spi.c...
compiling lib_adv.c...
compiling md_timer.c...
compiling lib_init.c...
compiling lib_db_discovery.c...
compiling eslog_printf_format.c...
assembling startup_es32w3120.s...
compiling eslog_init.c...
compiling lib_scan.c...
compiling eslog_uart.c...
compiling SEGGER_RTT_Syscalls_KEIL.c...
compiling SEGGER_RTT.c...
compiling SEGGER_RTT_printf.c...
linking...
Program Size: Code=15280 RO-data=828 RW-data=2324 ZI-data=5332  
FromELF: creating hex file...
".\obj\out.axf" - 0 Error(s), 9 Warning(s).

<h2>Collection of Component include folders:</h2>
  .\RTE\_target
  C:\Keil_v5\ARM\PACK\Eastsoft\ES32_DFP\1.0.8\Device\Include

<h2>Collection of Component Files used:</h2>
Build Time Elapsed:  00:00:20
</pre>
</body>
</html>
